files/27.csv
id,week,center_id,meal_id,checkout_price,base_price,emailer_for_promotion,homepage_featured,num_orders
1384455,26,27,2569,320.13,320.13,0,0,55
1102902,27,27,2569,262.93,320.13,0,0,446
1165932,28,27,2569,320.13,320.13,0,0,230
1002866,29,27,2569,321.13,321.13,0,0,94
1405052,30,27,2569,321.13,319.13,0,0,231
1243068,31,27,2569,321.13,320.13,0,0,202
1056914,32,27,2569,319.13,321.13,0,0,352
1449021,33,27,2569,321.13,319.13,0,0,446
1330141,34,27,2569,319.13,320.13,0,0,325
1427347,35,27,2569,319.13,319.13,0,0,350
1264006,36,27,2569,321.13,321.13,0,0,216
1431164,37,27,2569,244.5,320.13,0,1,1283
1491738,38,27,2569,321.13,320.13,0,0,242
1429819,39,27,2569,321.13,319.13,0,0,231
1478234,40,27,2569,321.13,320.13,0,0,190
1322187,41,27,2569,289.09,288.09,0,0,337
1011674,42,27,2569,255.17,288.09,0,0,797
1427795,43,27,2569,319.13,319.13,0,0,121
1079385,44,27,2569,320.13,321.13,0,0,351
1266349,45,27,2569,321.13,321.13,0,0,244
1332973,46,27,2569,321.13,321.13,0,0,27
1029030,47,27,2569,319.13,321.13,0,0,190
1386870,48,27,2569,321.13,319.13,0,0,271
1414930,49,27,2569,336.65,335.65,0,0,337
1317490,50,27,2569,336.65,334.65,0,0,325
1335117,51,27,2569,334.65,335.65,0,0,190
1245610,52,27,2569,336.65,334.65,0,0,121
1006314,53,27,2569,334.65,336.65,0,0,257
1310294,54,27,2569,334.65,334.65,0,0,177
1127927,55,27,2569,335.65,335.65,0,0,377
1138506,56,27,2569,261.9,336.65,1,1,1270
1179923,57,27,2569,263.9,334.65,1,1,1309
1367484,58,27,2569,325.98,323.98,0,0,419
1231114,59,27,2569,336.65,334.65,0,0,296
1420236,60,27,2569,290.09,335.65,0,0,620
1226908,61,27,2569,289.09,336.65,0,0,674
1006384,62,27,2569,288.12,335.65,0,0,148
1158036,63,27,2569,289.12,335.65,0,0,568
1190294,64,27,2569,289.09,336.65,0,0,350
1186313,65,27,2569,332.74,332.74,0,0,258
1186115,66,27,2569,335.65,336.65,0,0,230
1160962,67,27,2569,334.65,335.65,0,0,364
1150046,68,27,2569,335.65,336.65,0,0,337
1041530,69,27,2569,336.65,336.65,0,0,284
1210112,70,27,2569,335.65,334.65,0,0,109
1119991,71,27,2569,334.65,336.65,0,0,216
1300826,72,27,2569,335.68,335.68,0,0,447
1183577,73,27,2569,321.13,321.13,0,0,297
1241430,74,27,2569,336.65,334.65,0,0,256
1459517,75,27,2569,335.65,336.65,0,0,269
1085510,76,27,2569,334.65,336.65,0,0,324
1383964,77,27,2569,315.25,316.25,0,0,231
1359101,78,27,2569,335.65,336.65,0,0,175
1001406,79,27,2569,335.65,335.65,0,0,176
1383089,80,27,2569,335.65,334.65,0,0,68
1057812,81,27,2569,334.65,335.65,0,0,284
1490004,82,27,2569,246.44,335.65,1,1,1120
1464625,83,27,2569,287.18,336.65,0,0,217
1064757,84,27,2569,303.67,303.67,0,0,339
1486914,85,27,2569,304.64,304.64,0,0,378
1495857,86,27,2569,314.28,315.28,0,0,204
1094194,87,27,2569,299.76,299.76,0,0,257
1129697,88,27,2569,314.28,314.28,0,0,69
1239230,89,27,2569,316.28,315.28,0,0,81
1479411,90,27,2569,316.28,314.28,0,0,270
1058335,91,27,2569,296.88,295.88,0,0,217
1449220,92,27,2569,314.28,316.28,0,0,298
1297928,93,27,2569,308.46,308.46,0,0,256
1327799,94,27,2569,308.46,308.46,0,0,231
1131088,95,27,2569,308.46,310.46,0,0,324
1224517,96,27,2569,310.46,308.46,0,0,271
1337541,97,27,2569,276.45,309.46,0,0,257
1317236,98,27,2569,309.46,308.46,0,0,258
1277861,99,27,2569,309.46,308.46,0,0,378
1079789,100,27,2569,309.46,310.46,0,0,391
1155704,101,27,2569,309.46,309.46,0,0,352
1257688,102,27,2569,277.45,310.46,0,0,393
1387253,103,27,2569,303.64,303.64,0,0,217
1380800,104,27,2569,303.64,303.64,0,0,391
1026127,105,27,2569,302.64,303.64,0,0,364
1270439,106,27,2569,304.64,304.64,0,0,404
1438516,107,27,2569,304.64,303.64,0,0,365
1345265,108,27,2569,304.64,302.64,0,0,311
1186241,109,27,2569,304.64,303.64,0,0,285
1485441,110,27,2569,283.27,284.27,0,0,404
1429525,111,27,2569,304.64,302.64,0,0,325
1123279,112,27,2569,303.64,302.64,0,0,405
1122487,113,27,2569,304.64,303.64,0,0,339
1159116,114,27,2569,293.91,293.91,0,0,325
1316338,115,27,2569,246.44,294.91,1,1,648
1313949,116,27,2569,243.5,293.91,1,1,1338
1039267,117,27,2569,303.64,304.64,0,0,243
1381995,118,27,2569,302.64,302.64,0,0,150
1101953,119,27,2569,303.64,304.64,0,0,285
1442131,120,27,2569,304.64,302.64,0,0,269
1202980,121,27,2569,302.64,302.64,0,0,325
1195990,122,27,2569,291.97,292.97,0,0,393
1258716,123,27,2569,303.64,302.64,0,0,121
1317494,124,27,2569,302.64,303.64,0,0,190
1471085,125,27,2569,293.97,293.97,0,0,190
1073848,126,27,2569,303.64,304.64,0,0,392
1373566,127,27,2569,303.64,302.64,0,0,257
1083283,128,27,2569,304.64,302.64,0,0,285
1002590,129,27,2569,304.64,303.64,0,0,271
1337626,130,27,2569,303.64,303.64,0,0,392
1306308,131,27,2569,294.94,294.94,0,0,406
1134149,132,27,2569,303.64,302.64,0,0,271
1077013,133,27,2569,303.64,303.64,0,0,203
1091444,134,27,2569,304.64,302.64,0,0,472
1388279,135,27,2569,291.97,293.97,0,0,296
1251099,136,27,2569,292.03,292.03,0,0,271
1354103,137,27,2569,324.04,324.04,0,0,203
1160795,138,27,2569,324.04,322.04,0,0,176
1107234,139,27,2569,322.04,322.04,0,0,243
1352603,140,27,2569,323.04,322.04,0,0,311
1286668,141,27,2569,322.04,324.04,0,0,284
1340962,142,27,2569,323.04,323.04,0,0,243
1239254,143,27,2569,338.56,339.56,0,0,337
1410404,144,27,2569,241.53,337.56,1,1,863
1311974,145,27,2569,245.47,338.56,0,0,798
1101067,63,27,1571,629.53,631.53,0,0,28
1390149,64,27,1571,629.53,630.53,0,0,42
1344163,65,27,1571,629.53,630.53,0,0,42
1017520,67,27,1571,629.53,630.53,0,0,54
1167251,68,27,1571,630.53,630.53,0,0,28
1078531,69,27,1571,631.53,629.53,0,0,27
1151173,70,27,1571,629.53,631.53,0,0,69
1328332,71,27,1571,629.53,629.53,0,0,26
1235363,72,27,1571,629.53,631.53,0,0,80
1254753,73,27,1571,583.03,582.03,0,0,27
1423948,74,27,1571,582.03,581.03,0,0,107
1481627,75,27,1571,582.03,581.03,0,0,82
1474338,76,27,1571,583.03,581.03,0,0,150
1048951,77,27,1571,582.03,581.03,0,0,121
1411175,78,27,1571,581.03,581.03,0,0,94
1031047,79,27,1571,582.03,583.03,0,0,162
1307132,80,27,1571,583.03,582.03,0,0,53
1328865,81,27,1571,583.03,583.03,0,0,69
1245113,82,27,1571,581.03,582.03,0,0,67
1187436,83,27,1571,582.03,581.03,0,0,80
1320998,84,27,1571,582.03,581.03,0,0,41
1476676,85,27,1571,582.03,582.03,0,0,175
1035840,86,27,1571,583.03,581.03,0,0,216
1095797,87,27,1571,583.03,582.03,0,0,121
1247497,88,27,1571,582.03,583.03,0,0,135
1067160,89,27,1571,583.03,581.03,0,0,68
1118903,90,27,1571,582.03,582.03,0,0,95
1254183,91,27,1571,581.03,583.03,0,0,69
1259168,92,27,1571,583.03,583.03,0,0,202
1109875,93,27,1571,583.03,582.03,0,0,123
1140383,94,27,1571,582.03,582.03,0,0,108
1489048,95,27,1571,581.03,583.03,0,0,123
1234779,96,27,1571,581.03,583.03,0,0,148
1326370,97,27,1571,583.03,582.03,0,0,135
1154560,98,27,1571,581.03,583.03,0,0,163
1133068,99,27,1571,582.03,582.03,0,0,80
1445969,100,27,1571,485.03,583.03,0,0,215
1007681,101,27,1571,484.03,583.03,0,0,324
1190754,102,27,1571,581.03,582.03,0,0,80
1401224,103,27,1571,583.03,583.03,0,0,80
1138381,104,27,1571,582.03,582.03,0,0,122
1017005,105,27,1571,582.03,582.03,0,0,149
1264899,106,27,1571,582.03,583.03,0,0,96
1069129,107,27,1571,581.03,583.03,0,0,68
1331777,108,27,1571,581.03,583.03,0,0,229
1475163,109,27,1571,585.88,586.88,0,0,149
1130144,110,27,1571,582.03,581.03,0,0,107
1489525,111,27,1571,582.03,581.03,0,0,81
1043280,112,27,1571,581.03,582.03,0,0,109
1238999,113,27,1571,582.03,582.03,0,0,162
1011463,114,27,1571,582.03,582.03,0,0,54
1059852,115,27,1571,582.03,581.03,0,0,134
1490653,116,27,1571,583.03,582.03,0,0,81
1009369,117,27,1571,582.03,582.03,0,0,107
1351232,118,27,1571,582.03,583.03,0,0,54
1022426,119,27,1571,581.03,581.03,0,0,13
1055564,120,27,1571,582.03,582.03,0,0,109
1431677,121,27,1571,583.03,583.03,0,0,67
1168543,122,27,1571,581.03,582.03,0,0,40
1372300,123,27,1571,582.03,583.03,0,0,122
1362741,124,27,1571,583.03,582.03,0,0,134
1232548,125,27,1571,583.03,582.03,0,0,96
1274909,126,27,1571,620.83,620.83,0,0,67
1120090,127,27,1571,630.53,631.53,0,0,42
1116776,128,27,1571,630.53,630.53,0,0,27
1236446,129,27,1571,437.53,631.53,0,0,244
1149221,130,27,1571,435.53,630.53,1,0,203
1171431,131,27,1571,437.53,629.53,1,0,217
1466701,132,27,1571,437.53,629.53,0,0,136
1421480,133,27,1571,581.03,581.03,0,0,94
1447562,134,27,1571,583.03,583.03,0,0,53
1143158,135,27,1571,581.03,582.03,0,0,121
1131837,136,27,1571,582.03,581.03,0,0,162
1101182,138,27,1571,629.53,631.53,0,0,67
1071960,139,27,1571,485.03,630.53,0,0,121
1225409,140,27,1571,486.03,631.53,0,0,203
1392944,141,27,1571,592.73,592.73,0,0,121
1423751,142,27,1571,591.73,592.73,0,0,13
1366061,143,27,1571,590.73,590.73,0,0,54
1314992,144,27,1571,592.73,591.73,0,0,80
1354549,145,27,1571,641.23,641.23,0,0,96
1408942,63,27,2956,629.53,629.53,0,0,40
1323578,65,27,2956,629.53,629.53,0,0,28
1045405,66,27,2956,630.53,631.53,0,0,13
1139616,68,27,2956,629.53,629.53,0,0,41
1246810,69,27,2956,630.53,631.53,0,0,15
1115410,70,27,2956,629.53,631.53,0,0,15
1254786,71,27,2956,630.53,630.53,0,0,13
1320141,72,27,2956,630.53,629.53,0,0,13
1152333,74,27,2956,583.03,581.03,0,0,69
1339305,75,27,2956,582.03,583.03,0,0,41
1427554,76,27,2956,583.03,582.03,0,0,55
1091580,77,27,2956,581.03,582.03,0,0,55
1014081,78,27,2956,583.03,582.03,0,0,27
1173256,79,27,2956,583.03,581.03,0,0,26
1460065,80,27,2956,583.03,582.03,0,0,27
1094137,81,27,2956,583.03,583.03,0,0,69
1286960,82,27,2956,583.03,581.03,0,0,54
1107402,83,27,2956,581.03,583.03,0,0,80
1496446,84,27,2956,583.03,581.03,0,0,80
1481267,85,27,2956,583.03,583.03,0,0,69
1086707,86,27,2956,583.03,582.03,0,0,53
1132547,87,27,2956,583.03,582.03,0,0,81
1185806,88,27,2956,583.03,582.03,0,0,41
1023356,89,27,2956,582.03,581.03,0,0,15
1084658,90,27,2956,582.03,582.03,0,0,13
1074330,91,27,2956,583.03,583.03,0,0,54
1488238,92,27,2956,582.03,581.03,0,0,96
1406852,93,27,2956,582.03,583.03,0,0,14
1375723,94,27,2956,583.03,581.03,0,0,68
1258279,95,27,2956,581.03,581.03,0,0,81
1199968,96,27,2956,582.03,583.03,0,0,134
1457845,97,27,2956,583.03,581.03,0,0,149
1314110,98,27,2956,582.03,582.03,0,0,121
1431146,99,27,2956,581.03,582.03,0,0,161
1403167,100,27,2956,486.03,583.03,0,0,312
1245855,101,27,2956,484.03,583.03,0,0,269
1373865,102,27,2956,581.03,582.03,0,0,42
1318151,103,27,2956,582.03,583.03,0,0,80
1492865,104,27,2956,583.03,583.03,0,0,68
1239332,105,27,2956,581.03,582.03,0,0,161
1105097,106,27,2956,582.03,583.03,0,0,107
1093623,107,27,2956,581.03,581.03,0,0,80
1184235,108,27,2956,581.03,581.03,0,0,134
1066470,109,27,2956,581.03,582.03,0,0,82
1225749,110,27,2956,583.03,583.03,0,0,136
1238439,111,27,2956,583.03,581.03,0,0,190
1000563,112,27,2956,582.03,582.03,0,0,149
1497735,113,27,2956,582.03,581.03,0,0,68
1298073,114,27,2956,581.03,581.03,0,0,136
1381432,115,27,2956,581.03,582.03,0,0,108
1374373,116,27,2956,581.03,581.03,0,0,108
1149328,117,27,2956,588.85,586.85,0,0,107
1457950,118,27,2956,582.03,582.03,0,0,41
1167279,119,27,2956,583.03,582.03,0,0,26
1323125,120,27,2956,583.03,582.03,0,0,135
1132538,121,27,2956,581.03,583.03,0,0,82
1030430,122,27,2956,581.03,582.03,0,0,69
1154642,123,27,2956,582.03,582.03,0,0,81
1347915,124,27,2956,583.03,583.03,0,0,40
1186346,125,27,2956,582.03,583.03,0,0,55
1126981,126,27,2956,631.53,630.53,0,0,26
1223308,127,27,2956,629.53,631.53,0,0,55
1189980,128,27,2956,629.53,629.53,0,0,55
1277767,129,27,2956,437.53,630.53,0,0,176
1090000,130,27,2956,436.53,630.53,1,0,202
1104693,131,27,2956,435.53,631.53,1,0,189
1468277,132,27,2956,437.53,630.53,0,0,107
1283059,133,27,2956,581.03,582.03,0,0,82
1210230,134,27,2956,581.03,581.03,0,0,95
1277979,135,27,2956,582.03,581.03,0,0,68
1194441,136,27,2956,581.03,583.03,0,0,122
1243390,137,27,2956,629.53,629.53,0,0,42
1368334,138,27,2956,631.53,631.53,0,0,42
1166190,139,27,2956,485.03,630.53,0,0,69
1106336,140,27,2956,486.03,630.53,0,0,163
1381305,141,27,2956,591.73,592.73,0,0,96
1450784,142,27,2956,591.73,592.73,0,0,108
1082330,143,27,2956,592.73,591.73,0,0,42
1132271,144,27,2956,591.73,590.73,0,0,55
1335009,145,27,2956,640.23,640.23,0,0,28
